<html>
<body>
<pre>
<h1>礦ision Build Log</h1>
<h2>Tool Versions:</h2>
IDE-Version: μVision V5.18.0.0
Copyright (C) 2016 ARM Ltd and ARM Germany GmbH. All rights reserved.
License Information: 6 6, 6, LIC=ZB4EI-T0D5Q-12WLE-525PT-S24WI-HML5S
 
Tool Versions:
Toolchain:       MDK-ARM Standard  Version: 5.18
Toolchain Path:  D:\Software\MDK\ARM\ARMCC\Bin
C Compiler:      Armcc.exe V5.06 update 1 (build 61)
Assembler:       Armasm.exe V5.06 update 1 (build 61)
Linker/Locator:  ArmLink.exe V5.06 update 1 (build 61)
Library Manager: ArmAr.exe V5.06 update 1 (build 61)
Hex Converter:   FromElf.exe V5.06 update 1 (build 61)
CPU DLL:         SARMCM3.DLL V5.18
Dialog DLL:      DCM.DLL V1.13.6.0
Target DLL:      STLink\ST-LINKIII-KEIL_SWO.dll V2.0.18.0
Dialog DLL:      TCM.DLL V1.14.8.0
 
<h2>Project:</h2>
E:\学习资料\单片机资料\硬石YS-F4Pro开发板资料(1)\YS-F4Pro光盘A_配套资料\3. 程序资料\01. 基本裸机例程\YSF4_HAL-035. 定时器捕获脉冲宽度\MDK-ARM\YS-F4Pro.uvprojx
Project File Date:  05/20/2022

<h2>Output:</h2>
*** Using Compiler 'V5.06 update 1 (build 61)', folder: 'D:\Software\MDK\ARM\ARMCC\Bin'
Build target 'YS-F4Pro'
compiling stm32f4xx_hal_cortex.c...
compiling stm32f4xx_it.c...
compiling stm32f4xx_hal_dma.c...
compiling stm32f4xx_hal.c...
compiling main.c...
compiling stm32f4xx_assert.c...
compiling stm32f4xx_hal_msp.c...
compiling stm32f4xx_hal_dma_ex.c...
compiling stm32f4xx_hal_pwr.c...
compiling stm32f4xx_hal_gpio.c...
compiling stm32f4xx_hal_pwr_ex.c...
compiling stm32f4xx_hal_rcc_ex.c...
compiling stm32f4xx_hal_flash.c...
compiling stm32f4xx_hal_rcc.c...
compiling stm32f4xx_hal_flash_ex.c...
compiling stm32f4xx_hal_crc.c...
compiling stm32f4xx_hal_can.c...
compiling stm32f4xx_hal_adc_ex.c...
compiling stm32f4xx_hal_tim_ex.c...
compiling stm32f4xx_hal_cec.c...
compiling stm32f4xx_hal_adc.c...
compiling stm32f4xx_hal_tim.c...
compiling stm32f4xx_hal_cryp_ex.c...
compiling stm32f4xx_hal_dac.c...
compiling stm32f4xx_hal_dac_ex.c...
compiling stm32f4xx_hal_dcmi.c...
compiling stm32f4xx_hal_dcmi_ex.c...
compiling stm32f4xx_hal_cryp.c...
compiling stm32f4xx_hal_dfsdm.c...
compiling stm32f4xx_hal_fmpi2c.c...
compiling stm32f4xx_hal_flash_ramfunc.c...
compiling stm32f4xx_hal_fmpi2c_ex.c...
compiling stm32f4xx_hal_eth.c...
compiling stm32f4xx_hal_hash.c...
compiling stm32f4xx_hal_dma2d.c...
compiling stm32f4xx_hal_dsi.c...
compiling stm32f4xx_hal_i2s.c...
compiling stm32f4xx_hal_irda.c...
compiling stm32f4xx_hal_i2s_ex.c...
compiling stm32f4xx_hal_i2c_ex.c...
compiling stm32f4xx_hal_hash_ex.c...
compiling stm32f4xx_hal_i2c.c...
compiling stm32f4xx_hal_hcd.c...
compiling stm32f4xx_hal_nand.c...
compiling stm32f4xx_hal_mmc.c...
compiling stm32f4xx_hal_iwdg.c...
compiling stm32f4xx_hal_nor.c...
compiling stm32f4xx_hal_lptim.c...
compiling stm32f4xx_hal_ltdc.c...
compiling stm32f4xx_hal_ltdc_ex.c...
compiling stm32f4xx_hal_rtc_ex.c...
compiling stm32f4xx_hal_rtc.c...
compiling stm32f4xx_hal_rng.c...
compiling stm32f4xx_hal_pccard.c...
compiling stm32f4xx_hal_qspi.c...
compiling stm32f4xx_hal_pcd.c...
compiling stm32f4xx_hal_pcd_ex.c...
compiling stm32f4xx_hal_sdram.c...
compiling stm32f4xx_hal_spdifrx.c...
compiling stm32f4xx_hal_sai.c...
compiling stm32f4xx_hal_spi.c...
compiling stm32f4xx_hal_smartcard.c...
compiling stm32f4xx_ll_adc.c...
compiling stm32f4xx_ll_crc.c...
compiling stm32f4xx_ll_dac.c...
compiling stm32f4xx_hal_sd.c...
compiling stm32f4xx_ll_dma.c...
compiling stm32f4xx_ll_dma2d.c...
compiling stm32f4xx_ll_exti.c...
compiling stm32f4xx_hal_sai_ex.c...
compiling stm32f4xx_ll_gpio.c...
compiling stm32f4xx_ll_i2c.c...
compiling stm32f4xx_ll_lptim.c...
compiling stm32f4xx_ll_pwr.c...
compiling stm32f4xx_ll_rcc.c...
compiling stm32f4xx_ll_rng.c...
compiling stm32f4xx_ll_rtc.c...
compiling stm32f4xx_hal_wwdg.c...
compiling stm32f4xx_ll_spi.c...
compiling stm32f4xx_ll_tim.c...
compiling stm32f4xx_hal_usart.c...
compiling stm32f4xx_ll_usart.c...
compiling stm32f4xx_hal_sram.c...
compiling stm32f4xx_ll_fmc.c...
compiling stm32f4xx_ll_fsmc.c...
compiling stm32f4xx_hal_uart.c...
compiling stm32f4xx_ll_sdmmc.c...
compiling bsp_debug_usart.c...
compiling system_stm32f4xx.c...
compiling bsp_GeneralTIM.c...
compiling bsp_key.c...
compiling stm32f4xx_ll_usb.c...
compiling bsp_led.c...
compiling stm32f4xx_ll_utils.c...
linking...
Program Size: Code=11016 RO-data=448 RW-data=20 ZI-data=4220  
FromELF: creating hex file...
"YS-F4Pro\YS-F4Pro.axf" - 0 Error(s), 0 Warning(s).

<h2>Collection of Component include folders:</h2>
  E:\学习资料\单片机资料\硬石YS-F4Pro开发板资料(1)\YS-F4Pro光盘A_配套资料\3. 程序资料\01. 基本裸机例程\YSF4_HAL-035. 定时器捕获脉冲宽度\MDK-ARM\RTE
  D:\Software\MDK\ARM\PACK\Keil\STM32F4xx_DFP\2.11.0\Drivers\CMSIS\Device\ST\STM32F4xx\Include

<h2>Collection of Component Files used:</h2>
Build Time Elapsed:  00:01:48
</pre>
</body>
</html>
